
Allocating common symbols
Common symbol       size              file

__stack_chk_guard   0x8               klib/security/stkchk.o
boot_info           0x50              arch/amd64/operations.o

Discarded input sections

 .eh_frame      0x0000000000000000      0x1a0 arch/amd64/operations.o
 .eh_frame      0x0000000000000000       0xb8 arch/amd64/debugcon.o
 .eh_frame      0x0000000000000000       0x90 arch/amd64/cpu/intr/idt.o
 .eh_frame      0x0000000000000000       0xb8 arch/amd64/cpu/intr/handler.o
 .eh_frame      0x0000000000000000       0x88 arch/amd64/cpu/segm/gdt.o
 .eh_frame      0x0000000000000000      0x120 arch/amd64/mem/paging.o
 .eh_frame      0x0000000000000000      0x148 arch/amd64/timer/i8253.o
 .eh_frame      0x0000000000000000       0x90 arch/amd64/acpi/acpi.o
 .eh_frame      0x0000000000000000       0xa8 arch/amd64/acpi/fadt.o
 .eh_frame      0x0000000000000000       0x88 arch/amd64/proc/context.o
 .eh_frame      0x0000000000000000      0x200 arch/amd64/apic/apic.o
 .eh_frame      0x0000000000000000      0x138 arch/amd64/apic/i8259.o
 .eh_frame      0x0000000000000000       0x60 core/entry.o
 .eh_frame      0x0000000000000000       0x68 core/printk.o
 .eh_frame      0x0000000000000000       0xc0 core/initcall.o
 .eh_frame      0x0000000000000000       0x38 core/test.o
 .eh_frame      0x0000000000000000       0xb8 drivers/char/console.o
 .eh_frame      0x0000000000000000       0xf0 drivers/video/limine_fbcon.o
 .eh_frame      0x0000000000000000      0x308 klib/printf/printf.o
 .eh_frame      0x0000000000000000       0xf0 klib/bitmap/bitmap.o
 .eh_frame      0x0000000000000000       0x38 klib/string/memset.o
 .eh_frame      0x0000000000000000       0x40 klib/string/strlen.o
 .eh_frame      0x0000000000000000       0x48 klib/string/memcmp.o
 .eh_frame      0x0000000000000000       0x40 klib/string/strcpy.o
 .eh_frame      0x0000000000000000       0x40 klib/string/strncpy.o
 .eh_frame      0x0000000000000000       0x40 klib/string/memcpy.o
 .eh_frame      0x0000000000000000      0x240 klib/security/ubsan.o
 .eh_frame      0x0000000000000000       0x58 klib/security/stkchk.o
 .eh_frame      0x0000000000000000       0x48 klib/ring/ring.o
 .eh_frame      0x0000000000000000       0x80 klib/list/list.o
 .eh_frame      0x0000000000000000       0xb0 klib/hexdump/hexdump.o
 .eh_frame      0x0000000000000000      0x1b8 mem/liballoc/liballoc.o
 .eh_frame      0x0000000000000000      0x108 mem/pmm/alloc.o
 .eh_frame      0x0000000000000000      0x120 proc/process.o

Memory Configuration

Name             Origin             Length             Attributes
*default*        0x0000000000000000 0xffffffffffffffff

Linker script and memory map

                0xffffffff80000000                . = 0xffffffff80000000
                0xffffffff80000000                kernel_start = .

.limine_requests
                0xffffffff80000000      0x1e0
 *(.limine_requests_start)
 .limine_requests_start
                0xffffffff80000000       0x20 core/entry.o
 *(.limine_requests)
 .limine_requests
                0xffffffff80000020      0x1b0 core/entry.o
 *(.limine_requests_end)
 .limine_requests_end
                0xffffffff800001d0       0x10 core/entry.o

.text           0xffffffff80001000     0xe0df
                0xffffffff80001000                text_start = .
 *(.text)
 .text          0xffffffff80001000      0x214 arch/amd64/cpu/asm/intr_stubs.o
                0xffffffff80001000                intr_stub_start
                0xffffffff80001030                intr_stub_end
                0xffffffff80001057                intr_0
                0xffffffff8000105e                intr_1
                0xffffffff80001065                intr_2
                0xffffffff8000106c                intr_3
                0xffffffff80001073                intr_4
                0xffffffff8000107a                intr_5
                0xffffffff80001084                intr_6
                0xffffffff8000108e                intr_7
                0xffffffff80001098                intr_8
                0xffffffff800010a0                intr_9
                0xffffffff800010aa                intr_10
                0xffffffff800010b2                intr_11
                0xffffffff800010ba                intr_12
                0xffffffff800010c2                intr_13
                0xffffffff800010ca                intr_14
                0xffffffff800010d2                intr_15
                0xffffffff800010dc                intr_16
                0xffffffff800010e6                intr_17
                0xffffffff800010ee                intr_18
                0xffffffff800010f8                intr_19
                0xffffffff80001102                intr_20
                0xffffffff8000110c                intr_21
                0xffffffff80001114                intr_22
                0xffffffff8000111e                intr_23
                0xffffffff80001128                intr_24
                0xffffffff80001132                intr_25
                0xffffffff8000113c                intr_26
                0xffffffff80001146                intr_27
                0xffffffff80001150                intr_28
                0xffffffff8000115a                intr_29
                0xffffffff80001162                intr_30
                0xffffffff8000116a                intr_31
                0xffffffff80001174                intr_32
                0xffffffff8000117e                intr_33
                0xffffffff80001188                intr_34
                0xffffffff80001192                intr_35
                0xffffffff8000119c                intr_36
                0xffffffff800011a6                intr_37
                0xffffffff800011b0                intr_38
                0xffffffff800011ba                intr_39
                0xffffffff800011c4                intr_40
                0xffffffff800011ce                intr_41
                0xffffffff800011d8                intr_42
                0xffffffff800011e2                intr_43
                0xffffffff800011ec                intr_44
                0xffffffff800011f6                intr_45
                0xffffffff80001200                intr_46
                0xffffffff8000120a                intr_47
 *fill*         0xffffffff80001214        0xc 
 .text          0xffffffff80001220        0xd arch/amd64/proc/asm/switch.o
                0xffffffff80001220                perform_first_context_switch
 .text          0xffffffff8000122d      0x4bb arch/amd64/operations.o
                0xffffffff800013b8                arch_disable_interrupts
                0xffffffff800013e3                arch_enable_interrupts
                0xffffffff8000140e                arch_die
                0xffffffff8000148e                arch_memset
                0xffffffff8000154a                arch_random
                0xffffffff800015ec                arch_early_init
 .text          0xffffffff800016e8      0x158 arch/amd64/debugcon.o
                0xffffffff800017fd                arch_dbg_putc
 .text          0xffffffff80001840      0x549 arch/amd64/cpu/intr/idt.o
                0xffffffff80001c48                sys_idt_init
 .text          0xffffffff80001d89      0x95c arch/amd64/cpu/intr/handler.o
                0xffffffff800023d2                intr_add_handler
                0xffffffff800025c0                intr_handler
 .text          0xffffffff800026e5      0x55e arch/amd64/cpu/segm/gdt.o
                0xffffffff80002b03                sys_gdt_init
 .text          0xffffffff80002c43      0x65e arch/amd64/mem/paging.o
                0xffffffff80002cf9                sys_paging_init
                0xffffffff80002daf                arch_alloc_pages
                0xffffffff80002dfe                arch_free_pages
                0xffffffff80003247                virtmem_map
 .text          0xffffffff800032a1      0x580 arch/amd64/timer/i8253.o
                0xffffffff80003545                arch_bad_apple
                0xffffffff800037d3                sys_i8253_init
 .text          0xffffffff80003821      0x32d arch/amd64/acpi/acpi.o
                0xffffffff800039af                sys_acpi_init
 .text          0xffffffff80003b4e      0x1d4 arch/amd64/acpi/fadt.o
                0xffffffff80003c3c                sys_acpi_enable
 .text          0xffffffff80003d22      0x785 arch/amd64/proc/context.o
                0xffffffff80003d22                schedule
                0xffffffff80003f41                arch_setup_context
                0xffffffff8000444d                arch_first_context_switch
 .text          0xffffffff800044a7      0x9e0 arch/amd64/apic/apic.o
                0xffffffff80004638                lapic_set_base
                0xffffffff8000486d                ioapic_redirect_irq
                0xffffffff80004b18                lapic_send_eoi
                0xffffffff80004be4                sys_apic_init
 .text          0xffffffff80004e87      0x2cb arch/amd64/apic/i8259.o
                0xffffffff80005022                read_pic_master_data
                0xffffffff8000505e                read_pic_slave_data
                0xffffffff8000509a                sys_disable_legacy_i8259
 .text          0xffffffff80005152      0x3fb core/entry.o
                0xffffffff80005493                neonix_entry
 .text          0xffffffff8000554d      0x38c core/printk.o
                0xffffffff8000554d                printk_copy_buffer_to_console
                0xffffffff8000561c                printk
 .text          0xffffffff800058d9      0x3be core/initcall.o
                0xffffffff80005c5f                initcalls_init
 .text          0xffffffff80005c97       0x48 core/test.o
 .text          0xffffffff80005cdf      0x707 drivers/char/console.o
                0xffffffff80005cdf                is_console_available
                0xffffffff80005db5                register_console
                0xffffffff80005f08                console_puts
                0xffffffff80005fac                console_putc
 .text          0xffffffff800063e6      0x7b6 drivers/video/limine_fbcon.o
                0xffffffff800069e3                limine_fbcon_init
 .text          0xffffffff80006b9c     0x3810 klib/printf/printf.o
                0xffffffff80009f01                printf_
                0xffffffff80009ff4                sprintf_
                0xffffffff8000a0e7                snprintf_
                0xffffffff8000a1d7                vprintf_
                0xffffffff8000a239                vsnprintf_
                0xffffffff8000a29d                fctprintf
 .text          0xffffffff8000a3ac      0x61d klib/bitmap/bitmap.o
                0xffffffff8000a3ac                bitmap_test
                0xffffffff8000a4ee                bitmap_set
                0xffffffff8000a68b                bitmap_unset
                0xffffffff8000a82c                bitmap_find_first_free_bit
                0xffffffff8000a8d6                bitmap_find_free_bits
 .text          0xffffffff8000a9c9       0x55 klib/string/memset.o
                0xffffffff8000a9c9                memset
 .text          0xffffffff8000aa1e       0x78 klib/string/strlen.o
                0xffffffff8000aa1e                strlen
 .text          0xffffffff8000aa96      0x11d klib/string/memcmp.o
                0xffffffff8000aa96                memcmp
 .text          0xffffffff8000abb3       0x90 klib/string/strcpy.o
                0xffffffff8000abb3                strcpy
 .text          0xffffffff8000ac43       0x84 klib/string/strncpy.o
                0xffffffff8000ac43                strncpy
 .text          0xffffffff8000acc7       0xb7 klib/string/memcpy.o
                0xffffffff8000acc7                memcpy
 .text          0xffffffff8000ad7e      0x696 klib/security/ubsan.o
                0xffffffff8000addb                __ubsan_handle_add_overflow
                0xffffffff8000ae2f                __ubsan_handle_sub_overflow
                0xffffffff8000ae83                __ubsan_handle_mul_overflow
                0xffffffff8000aed7                __ubsan_handle_divrem_overflow
                0xffffffff8000af2b                __ubsan_handle_negate_overflow
                0xffffffff8000af7f                __ubsan_handle_pointer_overflow
                0xffffffff8000afd3                __ubsan_handle_shift_out_of_bounds
                0xffffffff8000b027                __ubsan_handle_function_type_mismatch
                0xffffffff8000b07f                __ubsan_handle_load_invalid_value
                0xffffffff8000b0d3                __ubsan_handle_out_of_bounds
                0xffffffff8000b127                __ubsan_handle_type_mismatch
                0xffffffff8000b270                __ubsan_handle_vla_bound_not_positive
                0xffffffff8000b2c4                __ubsan_handle_nonnull_return
                0xffffffff8000b318                __ubsan_handle_nonnull_arg
                0xffffffff8000b36c                __ubsan_handle_builtin_unreachable
                0xffffffff8000b3c0                __ubsan_handle_invalid_builtin
 .text          0xffffffff8000b414       0x55 klib/security/stkchk.o
                0xffffffff8000b414                __stack_chk_guard_init
                0xffffffff8000b42e                __stack_chk_fail
 .text          0xffffffff8000b469      0x263 klib/ring/ring.o
                0xffffffff8000b469                ring_buffer_write
 .text          0xffffffff8000b6cc      0x3a6 klib/list/list.o
                0xffffffff8000b6cc                list_init
                0xffffffff8000b76d                list_append
                0xffffffff8000b9a7                list_get_elems
 .text          0xffffffff8000ba72      0x305 klib/hexdump/hexdump.o
                0xffffffff8000bb5f                hexdump
 .text          0xffffffff8000bd77     0x269d mem/liballoc/liballoc.o
                0xffffffff8000bd77                liballoc_lock
                0xffffffff8000bda5                liballoc_unlock
                0xffffffff8000bdd3                liballoc_alloc
                0xffffffff8000be15                liballoc_free
                0xffffffff8000c2da                kmalloc
                0xffffffff8000d811                kfree
                0xffffffff8000e0b6                kcalloc
                0xffffffff8000e12c                krealloc
 .text          0xffffffff8000e414      0x7c2 mem/pmm/alloc.o
                0xffffffff8000e52c                physmem_alloc_block
                0xffffffff8000e597                physmem_alloc_blocks
                0xffffffff8000e62e                physmem_free_block
                0xffffffff8000e684                physmem_free_blocks
                0xffffffff8000e6fe                init_physmem_allocator
 .text          0xffffffff8000ebd6      0x509 proc/process.o
                0xffffffff8000ec11                is_sched_enabled
                0xffffffff8000ec40                get_current_proc
                0xffffffff8000ec70                find_next_proc
                0xffffffff8000ed0a                create_kernel_proc
                0xffffffff8000f027                create_idle_proc
                0xffffffff8000f0df                text_end = .

.iplt           0xffffffff8000f0df        0x0
 .iplt          0xffffffff8000f0df        0x0 arch/amd64/cpu/asm/intr_stubs.o

.initcall.text  0xffffffff80010000        0x8
                0xffffffff80010000                initcalls_start = .
                0xffffffff80010000                initcall0_start = .
 *(.initcall0.init)
                0xffffffff80010000                initcall0_end = .
                0xffffffff80010000                initcall1_start = .
 *(.initcall1.init)
 .initcall1.init
                0xffffffff80010000        0x8 core/test.o
                0xffffffff80010008                initcall1_end = .
                0xffffffff80010008                initcall2_start = .
 *(.initcall2.init)
                0xffffffff80010008                initcall2_end = .
                0xffffffff80010008                initcalls_end = .

.rodata         0xffffffff80011000     0x2225
                0xffffffff80011000                rodata_start = .
 *(.rodata)
 .rodata        0xffffffff80011000       0xe4 arch/amd64/operations.o
 .rodata        0xffffffff800110e4       0x2f arch/amd64/cpu/intr/idt.o
 *fill*         0xffffffff80011113        0x5 
 .rodata        0xffffffff80011118      0x248 arch/amd64/cpu/intr/handler.o
 .rodata        0xffffffff80011360       0x2f arch/amd64/cpu/segm/gdt.o
 *fill*         0xffffffff8001138f        0x1 
 .rodata        0xffffffff80011390       0x86 arch/amd64/mem/paging.o
 *fill*         0xffffffff80011416        0xa 
 .rodata        0xffffffff80011420      0xf64 arch/amd64/timer/i8253.o
 *fill*         0xffffffff80012384        0x4 
 .rodata        0xffffffff80012388       0xa4 arch/amd64/acpi/acpi.o
 *fill*         0xffffffff8001242c        0x4 
 .rodata        0xffffffff80012430       0x6e arch/amd64/acpi/fadt.o
 .rodata        0xffffffff8001249e       0x1a arch/amd64/proc/context.o
 .rodata        0xffffffff800124b8      0x14a arch/amd64/apic/apic.o
 *fill*         0xffffffff80012602        0x6 
 .rodata        0xffffffff80012608       0x25 arch/amd64/apic/i8259.o
 *fill*         0xffffffff8001262d        0x3 
 .rodata        0xffffffff80012630       0xf2 core/entry.o
 .rodata        0xffffffff80012722        0xe core/printk.o
 *fill*         0xffffffff80012730       0x10 
 .rodata        0xffffffff80012740       0x87 core/initcall.o
 *fill*         0xffffffff800127c7        0x1 
 .rodata        0xffffffff800127c8       0x2c core/test.o
 .rodata        0xffffffff800127f4       0x17 drivers/char/console.o
 *fill*         0xffffffff8001280b       0x15 
 .rodata        0xffffffff80012820       0x6a drivers/video/limine_fbcon.o
 *fill*         0xffffffff8001288a       0x16 
 .rodata        0xffffffff800128a0      0x500 klib/printf/printf.o
 .rodata        0xffffffff80012da0       0x15 klib/bitmap/bitmap.o
 .rodata        0xffffffff80012db5       0x15 klib/string/strlen.o
 .rodata        0xffffffff80012dca       0x15 klib/string/memcmp.o
 .rodata        0xffffffff80012ddf       0x15 klib/string/strcpy.o
 .rodata        0xffffffff80012df4       0x16 klib/string/strncpy.o
 .rodata        0xffffffff80012e0a       0x15 klib/string/memcpy.o
 *fill*         0xffffffff80012e1f        0x1 
 .rodata        0xffffffff80012e20      0x1d0 klib/security/ubsan.o
 .rodata        0xffffffff80012ff0       0x21 klib/security/stkchk.o
 .rodata        0xffffffff80013011       0x11 klib/ring/ring.o
 .rodata        0xffffffff80013022       0x11 klib/list/list.o
 .rodata        0xffffffff80013033       0x40 klib/hexdump/hexdump.o
 .rodata        0xffffffff80013073       0x18 mem/liballoc/liballoc.o
 *fill*         0xffffffff8001308b        0x5 
 .rodata        0xffffffff80013090       0xdf mem/pmm/alloc.o
 *fill*         0xffffffff8001316f        0x1 
 .rodata        0xffffffff80013170       0xb5 proc/process.o
                0xffffffff80013225                rodata_end = .

.rela.dyn       0xffffffff80013228        0x0
 .rela.got      0xffffffff80013228        0x0 arch/amd64/cpu/asm/intr_stubs.o
 .rela.iplt     0xffffffff80013228        0x0 arch/amd64/cpu/asm/intr_stubs.o
 .rela.text     0xffffffff80013228        0x0 arch/amd64/cpu/asm/intr_stubs.o
 .rela.data     0xffffffff80013228        0x0 arch/amd64/cpu/asm/intr_stubs.o

.data           0xffffffff80014000     0xa988
                0xffffffff80014000                data_start = .
 *(.data)
 .data          0xffffffff80014000      0x1c8 arch/amd64/operations.o
 .data          0xffffffff800141c8        0x0 arch/amd64/debugcon.o
 *fill*         0xffffffff800141c8       0x18 
 .data          0xffffffff800141e0      0x4a8 arch/amd64/cpu/intr/idt.o
 *fill*         0xffffffff80014688       0x18 
 .data          0xffffffff800146a0      0xa08 arch/amd64/cpu/intr/handler.o
 *fill*         0xffffffff800150a8       0x18 
 .data          0xffffffff800150c0      0x2c8 arch/amd64/cpu/segm/gdt.o
 *fill*         0xffffffff80015388       0x18 
 .data          0xffffffff800153a0      0x448 arch/amd64/mem/paging.o
 *fill*         0xffffffff800157e8       0x18 
 .data          0xffffffff80015800      0x368 arch/amd64/timer/i8253.o
 *fill*         0xffffffff80015b68       0x18 
 .data          0xffffffff80015b80      0x1e8 arch/amd64/acpi/acpi.o
 *fill*         0xffffffff80015d68       0x18 
 .data          0xffffffff80015d80       0xc8 arch/amd64/acpi/fadt.o
 *fill*         0xffffffff80015e48       0x18 
 .data          0xffffffff80015e60      0x9a8 arch/amd64/proc/context.o
 *fill*         0xffffffff80016808       0x18 
 .data          0xffffffff80016820      0x5a8 arch/amd64/apic/apic.o
 .data          0xffffffff80016dc8        0x0 arch/amd64/apic/i8259.o
 *fill*         0xffffffff80016dc8       0x18 
 .data          0xffffffff80016de0      0x5e8 core/entry.o
 *fill*         0xffffffff800173c8       0x18 
 .data          0xffffffff800173e0      0x268 core/printk.o
 *fill*         0xffffffff80017648       0x18 
 .data          0xffffffff80017660      0x228 core/initcall.o
 .data          0xffffffff80017888        0x0 core/test.o
 *fill*         0xffffffff80017888       0x18 
 .data          0xffffffff800178a0      0x508 drivers/char/console.o
 *fill*         0xffffffff80017da8       0x18 
 .data          0xffffffff80017dc0     0x16c8 drivers/video/limine_fbcon.o
 *fill*         0xffffffff80019488       0x18 
 .data          0xffffffff800194a0     0x1418 klib/printf/printf.o
 *fill*         0xffffffff8001a8b8        0x8 
 .data          0xffffffff8001a8c0      0x468 klib/bitmap/bitmap.o
 .data          0xffffffff8001ad28        0x0 klib/string/memset.o
 *fill*         0xffffffff8001ad28       0x18 
 .data          0xffffffff8001ad40       0x48 klib/string/strlen.o
 *fill*         0xffffffff8001ad88       0x18 
 .data          0xffffffff8001ada0      0x108 klib/string/memcmp.o
 *fill*         0xffffffff8001aea8       0x18 
 .data          0xffffffff8001aec0       0x48 klib/string/strcpy.o
 *fill*         0xffffffff8001af08       0x18 
 .data          0xffffffff8001af20       0x48 klib/string/strncpy.o
 *fill*         0xffffffff8001af68       0x18 
 .data          0xffffffff8001af80       0x88 klib/string/memcpy.o
 *fill*         0xffffffff8001b008       0x18 
 .data          0xffffffff8001b020       0xc8 klib/security/ubsan.o
 .data          0xffffffff8001b0e8        0x0 klib/security/stkchk.o
 *fill*         0xffffffff8001b0e8       0x18 
 .data          0xffffffff8001b100      0x308 klib/ring/ring.o
 *fill*         0xffffffff8001b408       0x18 
 .data          0xffffffff8001b420      0x388 klib/list/list.o
 *fill*         0xffffffff8001b7a8       0x18 
 .data          0xffffffff8001b7c0      0x178 klib/hexdump/hexdump.o
 *fill*         0xffffffff8001b938        0x8 
 .data          0xffffffff8001b940     0x27c8 mem/liballoc/liballoc.o
 *fill*         0xffffffff8001e108       0x18 
 .data          0xffffffff8001e120      0x448 mem/pmm/alloc.o
 *fill*         0xffffffff8001e568       0x18 
 .data          0xffffffff8001e580      0x408 proc/process.o
                0xffffffff8001e988                data_end = .

.got            0xffffffff8001e988        0x0
 .got           0xffffffff8001e988        0x0 arch/amd64/cpu/asm/intr_stubs.o

.got.plt        0xffffffff8001e988        0x0
 .got.plt       0xffffffff8001e988        0x0 arch/amd64/cpu/asm/intr_stubs.o

.igot.plt       0xffffffff8001e988        0x0
 .igot.plt      0xffffffff8001e988        0x0 arch/amd64/cpu/asm/intr_stubs.o

.bss            0xffffffff8001f000     0x1ef8
                0xffffffff8001f000                bss_start = .
 *(.bss)
 .bss           0xffffffff8001f000        0x0 arch/amd64/operations.o
 .bss           0xffffffff8001f000        0x0 arch/amd64/debugcon.o
 .bss           0xffffffff8001f000     0x1020 arch/amd64/cpu/intr/idt.o
 .bss           0xffffffff80020020      0x800 arch/amd64/cpu/intr/handler.o
 .bss           0xffffffff80020820       0x60 arch/amd64/cpu/segm/gdt.o
 .bss           0xffffffff80020880       0x10 arch/amd64/mem/paging.o
 .bss           0xffffffff80020890        0x8 arch/amd64/timer/i8253.o
 .bss           0xffffffff80020898       0x10 arch/amd64/acpi/acpi.o
 .bss           0xffffffff800208a8        0x8 arch/amd64/acpi/fadt.o
 .bss           0xffffffff800208b0        0x0 arch/amd64/proc/context.o
 .bss           0xffffffff800208b0       0x50 arch/amd64/apic/apic.o
 .bss           0xffffffff80020900        0x0 arch/amd64/apic/i8259.o
 .bss           0xffffffff80020900        0x0 core/entry.o
 .bss           0xffffffff80020900      0x400 core/printk.o
 .bss           0xffffffff80020d00        0x0 core/initcall.o
 .bss           0xffffffff80020d00        0x0 core/test.o
 .bss           0xffffffff80020d00      0x104 drivers/char/console.o
 *fill*         0xffffffff80020e04        0x4 
 .bss           0xffffffff80020e08       0x10 drivers/video/limine_fbcon.o
 .bss           0xffffffff80020e18        0x0 klib/printf/printf.o
 .bss           0xffffffff80020e18        0x0 klib/bitmap/bitmap.o
 .bss           0xffffffff80020e18        0x0 klib/string/memset.o
 .bss           0xffffffff80020e18        0x0 klib/string/strlen.o
 .bss           0xffffffff80020e18        0x0 klib/string/memcmp.o
 .bss           0xffffffff80020e18        0x0 klib/string/strcpy.o
 .bss           0xffffffff80020e18        0x0 klib/string/strncpy.o
 .bss           0xffffffff80020e18        0x0 klib/string/memcpy.o
 .bss           0xffffffff80020e18        0x0 klib/security/ubsan.o
 .bss           0xffffffff80020e18        0x0 klib/security/stkchk.o
 .bss           0xffffffff80020e18        0x0 klib/ring/ring.o
 .bss           0xffffffff80020e18        0x0 klib/list/list.o
 .bss           0xffffffff80020e18        0x0 klib/hexdump/hexdump.o
 .bss           0xffffffff80020e18       0x38 mem/liballoc/liballoc.o
 .bss           0xffffffff80020e50       0x18 mem/pmm/alloc.o
 *fill*         0xffffffff80020e68        0x8 
 .bss           0xffffffff80020e70       0x18 proc/process.o
 *(COMMON)
 *fill*         0xffffffff80020e88       0x18 
 COMMON         0xffffffff80020ea0       0x50 arch/amd64/operations.o
                0xffffffff80020ea0                boot_info
 COMMON         0xffffffff80020ef0        0x8 klib/security/stkchk.o
                0xffffffff80020ef0                __stack_chk_guard
                0xffffffff80020ef8                bss_end = .

/DISCARD/
 *(.eh_frame*)
 *(.note .note.*)
                0xffffffff80020ef8                kernel_end = .
LOAD arch/amd64/cpu/asm/intr_stubs.o
LOAD arch/amd64/proc/asm/switch.o
LOAD arch/amd64/operations.o
LOAD arch/amd64/debugcon.o
LOAD arch/amd64/cpu/intr/idt.o
LOAD arch/amd64/cpu/intr/handler.o
LOAD arch/amd64/cpu/segm/gdt.o
LOAD arch/amd64/mem/paging.o
LOAD arch/amd64/timer/i8253.o
LOAD arch/amd64/acpi/acpi.o
LOAD arch/amd64/acpi/fadt.o
LOAD arch/amd64/proc/context.o
LOAD arch/amd64/apic/apic.o
LOAD arch/amd64/apic/i8259.o
LOAD core/entry.o
LOAD core/printk.o
LOAD core/initcall.o
LOAD core/test.o
LOAD drivers/char/console.o
LOAD drivers/video/limine_fbcon.o
LOAD klib/printf/printf.o
LOAD klib/bitmap/bitmap.o
LOAD klib/string/memset.o
LOAD klib/string/strlen.o
LOAD klib/string/memcmp.o
LOAD klib/string/strcpy.o
LOAD klib/string/strncpy.o
LOAD klib/string/memcpy.o
LOAD klib/security/ubsan.o
LOAD klib/security/stkchk.o
LOAD klib/ring/ring.o
LOAD klib/list/list.o
LOAD klib/hexdump/hexdump.o
LOAD mem/liballoc/liballoc.o
LOAD mem/pmm/alloc.o
LOAD proc/process.o
OUTPUT(vm-neonix.elf elf64-x86-64)

.comment        0x0000000000000000       0x11
 .comment       0x0000000000000000       0x11 arch/amd64/operations.o
                                         0x12 (size before relaxing)
 .comment       0x0000000000000011       0x12 arch/amd64/debugcon.o
 .comment       0x0000000000000011       0x12 arch/amd64/cpu/intr/idt.o
 .comment       0x0000000000000011       0x12 arch/amd64/cpu/intr/handler.o
 .comment       0x0000000000000011       0x12 arch/amd64/cpu/segm/gdt.o
 .comment       0x0000000000000011       0x12 arch/amd64/mem/paging.o
 .comment       0x0000000000000011       0x12 arch/amd64/timer/i8253.o
 .comment       0x0000000000000011       0x12 arch/amd64/acpi/acpi.o
 .comment       0x0000000000000011       0x12 arch/amd64/acpi/fadt.o
 .comment       0x0000000000000011       0x12 arch/amd64/proc/context.o
 .comment       0x0000000000000011       0x12 arch/amd64/apic/apic.o
 .comment       0x0000000000000011       0x12 arch/amd64/apic/i8259.o
 .comment       0x0000000000000011       0x12 core/entry.o
 .comment       0x0000000000000011       0x12 core/printk.o
 .comment       0x0000000000000011       0x12 core/initcall.o
 .comment       0x0000000000000011       0x12 core/test.o
 .comment       0x0000000000000011       0x12 drivers/char/console.o
 .comment       0x0000000000000011       0x12 drivers/video/limine_fbcon.o
 .comment       0x0000000000000011       0x12 klib/printf/printf.o
 .comment       0x0000000000000011       0x12 klib/bitmap/bitmap.o
 .comment       0x0000000000000011       0x12 klib/string/memset.o
 .comment       0x0000000000000011       0x12 klib/string/strlen.o
 .comment       0x0000000000000011       0x12 klib/string/memcmp.o
 .comment       0x0000000000000011       0x12 klib/string/strcpy.o
 .comment       0x0000000000000011       0x12 klib/string/strncpy.o
 .comment       0x0000000000000011       0x12 klib/string/memcpy.o
 .comment       0x0000000000000011       0x12 klib/security/ubsan.o
 .comment       0x0000000000000011       0x12 klib/security/stkchk.o
 .comment       0x0000000000000011       0x12 klib/ring/ring.o
 .comment       0x0000000000000011       0x12 klib/list/list.o
 .comment       0x0000000000000011       0x12 klib/hexdump/hexdump.o
 .comment       0x0000000000000011       0x12 mem/liballoc/liballoc.o
 .comment       0x0000000000000011       0x12 mem/pmm/alloc.o
 .comment       0x0000000000000011       0x12 proc/process.o
